Microchip MPLAB XC8 Compiler V2.31

Linker command line:

-W-3 --edf=C:\Program Files\Microchip\xc8\v2.31\pic\dat\en_msgs.txt -cn \
  -h+dist/default/production\Entrega2.X.production.sym \
  --cmf=dist/default/production\Entrega2.X.production.cmf -z -Q16F15244 \
  -oC:\Users\JOHNED~1\AppData\Local\Temp\s6ek.2 --defsym=__MPLAB_BUILD=1 \
  -Mdist/default/production/Entrega2.X.production.map -E1 -ver=XC8 Compiler \
  --acfsm=1493 -ASTACK=02073h-021EFh -pstack=STACK -ACODE=00h-07FFhx2 \
  -ASTRCODE=00h-0FFFh -ASTRING=00h-0FFhx16 -ACONST=00h-0FFhx16 \
  -AENTRY=00h-0FFhx16 -ACOMMON=070h-07Fh -ABANK0=020h-06Fh \
  -ABANK1=0A0h-0EFh -ABANK2=0120h-016Fh -ABANK3=01A0h-01EFh \
  -ABANK4=0220h-026Fh -ABANK5=02A0h-02EFh -ABANK6=0320h-032Fh \
  -ABIGRAM=02000h-021EFh \
  -ARAM=020h-06Fh,0A0h-0EFh,0120h-016Fh,01A0h-01EFh,0220h-026Fh,02A0h-02EFh,0320h-032Fh \
  -AABS1=020h-07Fh,0A0h-0EFh,0120h-016Fh,01A0h-01EFh,0220h-026Fh,02A0h-02EFh,0320h-032Fh \
  -ASFR0=00h-01Fh -ASFR1=080h-09Fh -ASFR2=0100h-011Fh -ASFR3=0180h-019Fh \
  -ASFR4=0200h-021Fh -ASFR5=0280h-029Fh -ASFR6=0300h-031Fh \
  -ASFR7=0380h-03EFh -ASFR8=0400h-046Fh -ASFR9=0480h-04EFh \
  -ASFR10=0500h-056Fh -ASFR11=0580h-05EFh -ASFR12=0600h-066Fh \
  -ASFR13=0680h-06EFh -ASFR14=0700h-076Fh -ASFR15=0780h-07EFh \
  -ASFR16=0800h-086Fh -ASFR17=0880h-08EFh -ASFR18=0900h-096Fh \
  -ASFR19=0980h-09EFh -ASFR20=0A00h-0A6Fh -ASFR21=0A80h-0AEFh \
  -ASFR22=0B00h-0B6Fh -ASFR23=0B80h-0BEFh -ASFR24=0C00h-0C6Fh \
  -ASFR25=0C80h-0CEFh -ASFR26=0D00h-0D6Fh -ASFR27=0D80h-0DEFh \
  -ASFR28=0E00h-0E6Fh -ASFR29=0E80h-0EEFh -ASFR30=0F00h-0F6Fh \
  -ASFR31=0F80h-0FEFh -ASFR32=01000h-0106Fh -ASFR33=01080h-010EFh \
  -ASFR34=01100h-0116Fh -ASFR35=01180h-011EFh -ASFR36=01200h-0126Fh \
  -ASFR37=01280h-012EFh -ASFR38=01300h-0136Fh -ASFR39=01380h-013EFh \
  -ASFR40=01400h-0146Fh -ASFR41=01480h-014EFh -ASFR42=01500h-0156Fh \
  -ASFR43=01580h-015EFh -ASFR44=01600h-0166Fh -ASFR45=01680h-016EFh \
  -ASFR46=01700h-0176Fh -ASFR47=01780h-017EFh -ASFR48=01800h-0186Fh \
  -ASFR49=01880h-018EFh -ASFR50=01900h-0196Fh -ASFR51=01980h-019EFh \
  -ASFR52=01A00h-01A6Fh -ASFR53=01A80h-01AEFh -ASFR54=01B00h-01B6Fh \
  -ASFR55=01B80h-01BEFh -ASFR56=01C00h-01C6Fh -ASFR57=01C80h-01CEFh \
  -ASFR58=01D00h-01D6Fh -ASFR59=01D80h-01DEFh -ASFR60=01E00h-01E6Fh \
  -ASFR61=01E80h-01EEFh -ASFR62=01F00h-01F6Fh -ASFR63=01F80h-01FEFh \
  -ACONFIG=08007h-0800Bh -DCONFIG=2 -AIDLOC=08000h-08003h -DIDLOC=2 \
  -DCODE=2 -DSTRCODE=2 -DSTRING=2 -DCONST=2 -DENTRY=2 \
  -preset_vec=00h,intentry,init,end_init -ppowerup=CODE -pcinit=CODE \
  -pfunctab=ENTRY -k C:\Users\JOHNED~1\AppData\Local\Temp\s6ek.o \
  dist/default/production\Entrega2.X.production.o 

Object code version is 3.11

Machine type is 16F15244



                Name                               Link     Load   Length Selector   Space Scale
C:\Users\JOHNED~1\AppData\Local\Temp\s6ek.o
                end_init                              2        2        2        0       0
                reset_vec                             0        0        2        0       0
                config                             8007     8007        5        0       4
dist/default/production\Entrega2.X.production.o
                cinit                               7ED      7ED       13      FDA       0
                config                             8007     8007        5        0       4
                text35                              9D4      9D4        C     13A8       0
                text34                              9AC      9AC        6     1358       0
                text33                              9B2      9B2        6     1364       0
                text32                              9F2      9F2       13     13E4       0
                text31                              A05      A05       13     140A       0
                text30                              A18      A18       15     1430       0
                text29                              A2D      A2D       15     145A       0
                text28                              B3C      B3C       2E     1678       0
                text27                              A42      A42       16     1484       0
                text26                              A58      A58       1D     14B0       0
                text25                              E0D      E0D       8A     1C1A       0
                text24                              C5E      C5E       57     18BC       0
                text23                              9B8      9B8        6     1370       0
                text22                              A94      A94       20     1528       0
                text21                              35E      35E      238      6BC       0
                text20                              AF5      AF5       23     15EA       0
                text19                              596      596      257      B2C       0
                text18                              E97      E97       AD     1D2E       0
                text17                               9E       9E       C9      13C       0
                text16                              9BE      9BE        B     137C       0
                text15                              AB4      AB4       20     1568       0
                text14                              D0F      D0F       75     1A1E       0
                text13                              CB5      CB5       5A     196A       0
                text12                              C13      C13       4B     1826       0
                text11                              A75      A75       1F     14EA       0
                text10                              9E0      9E0       12     13C0       0
                text9                               167      167      1F7      2CE       0
                text8                               F44      F44       BC     1E88       0
                text7                                 E        E       90       1C       0
                text6                               B6A      B6A       2E     16D4       0
                text5                               B98      B98       33     1730       0
                text4                               AD4      AD4       21     15A8       0
                text3                               D84      D84       89     1B08       0
                text2                               B18      B18       24     1630       0
                text1                               9C9      9C9        B     1392       0
                maintext                            BCB      BCB       48     1796       0
                cstackBANK0                          20       20       4E       20       1
                cstackCOMMON                         70       70        E       70       1
                clrtext                               8        8        6       10       0
                dataBANK1                            C2       C2        1       A0       1
                bssBANK1                             A0       A0       22       A0       1
                bssBANK0                             6E       6E        2       20       1
                stringtext20                        86C      86C        3     1000       0
                stringtext19                        869      869        3     1000       0
                stringtext18                        865      865        4     1000       0
                stringtext17                        850      850        9     1000       0
                stringtext16                        847      847        9     1000       0
                stringtext15                        83E      83E        9     1000       0
                stringtext14                        835      835        9     1000       0
                stringtext13                        828      828        D     1000       0
                stringtext12                        871      871        2     1000       0
                stringtext11                        861      861        4     1000       0
                stringtext10                        85D      85D        4     1000       0
                stringtext9                         859      859        4     1000       0
                stringtext8                         878      878        1     1000       0
                stringtext7                         877      877        1     1000       0
                stringtext6                         876      876        1     1000       0
                stringtext5                         875      875        1     1000       0
                stringtext4                         874      874        1     1000       0
                stringtext3                         873      873        1     1000       0
                stringtext2                         86F      86F        2     1000       0
                stringtext1                         800      800       28     1000       0
                idataBANK1                            7        7        1        E       0

TOTAL           Name                               Link     Load   Length     Space
        CLASS   STACK          

        CLASS   CODE           
                end_init                              2        2        2         0
                cinit                               7ED      7ED       13         0
                reset_vec                             0        0        2         0
                text35                              9D4      9D4        C         0
                text34                              9AC      9AC        6         0
                text33                              9B2      9B2        6         0
                text32                              9F2      9F2       13         0
                text31                              A05      A05       13         0
                text30                              A18      A18       15         0
                text29                              A2D      A2D       15         0
                text28                              B3C      B3C       2E         0
                text27                              A42      A42       16         0
                text26                              A58      A58       1D         0
                text25                              E0D      E0D       8A         0
                text24                              C5E      C5E       57         0
                text23                              9B8      9B8        6         0
                text22                              A94      A94       20         0
                text21                              35E      35E      238         0
                text20                              AF5      AF5       23         0
                text19                              596      596      257         0
                text18                              E97      E97       AD         0
                text17                               9E       9E       C9         0
                text16                              9BE      9BE        B         0
                text15                              AB4      AB4       20         0
                text14                              D0F      D0F       75         0
                text13                              CB5      CB5       5A         0
                text12                              C13      C13       4B         0
                text11                              A75      A75       1F         0
                text10                              9E0      9E0       12         0
                text9                               167      167      1F7         0
                text8                               F44      F44       BC         0
                text7                                 E        E       90         0
                text6                               B6A      B6A       2E         0
                text5                               B98      B98       33         0
                text4                               AD4      AD4       21         0
                text3                               D84      D84       89         0
                text2                               B18      B18       24         0
                text1                               9C9      9C9        B         0
                maintext                            BCB      BCB       48         0
                clrtext                               8        8        6         0
                idataBANK1                            7        7        1         0

        CLASS   STRCODE        
                stringtext20                        86C      86C        3         0
                stringtext19                        869      869        3         0
                stringtext18                        865      865        4         0
                stringtext17                        850      850        9         0
                stringtext16                        847      847        9         0
                stringtext15                        83E      83E        9         0
                stringtext14                        835      835        9         0
                stringtext13                        828      828        D         0
                stringtext12                        871      871        2         0
                stringtext11                        861      861        4         0
                stringtext10                        85D      85D        4         0
                stringtext9                         859      859        4         0
                stringtext8                         878      878        1         0
                stringtext7                         877      877        1         0
                stringtext6                         876      876        1         0
                stringtext5                         875      875        1         0
                stringtext4                         874      874        1         0
                stringtext3                         873      873        1         0
                stringtext2                         86F      86F        2         0
                stringtext1                         800      800       28         0

        CLASS   STRING         

        CLASS   CONST          

        CLASS   ENTRY          

        CLASS   COMMON         
                cstackCOMMON                         70       70        E         1

        CLASS   BANK0          
                cstackBANK0                          20       20       4E         1
                bssBANK0                             6E       6E        2         1

        CLASS   BANK1          
                dataBANK1                            C2       C2        1         1
                bssBANK1                             A0       A0       22         1

        CLASS   BANK2          

        CLASS   BANK3          

        CLASS   BANK4          

        CLASS   BANK5          

        CLASS   BANK6          

        CLASS   BIGRAM         

        CLASS   RAM            

        CLASS   ABS1           
                abs_s1                               7E       7E        2         1

        CLASS   SFR0           

        CLASS   SFR1           

        CLASS   SFR2           

        CLASS   SFR3           

        CLASS   SFR4           

        CLASS   SFR5           

        CLASS   SFR6           

        CLASS   SFR7           

        CLASS   SFR8           

        CLASS   SFR9           

        CLASS   SFR10          

        CLASS   SFR11          

        CLASS   SFR12          

        CLASS   SFR13          

        CLASS   SFR14          

        CLASS   SFR15          

        CLASS   SFR16          

        CLASS   SFR17          

        CLASS   SFR18          

        CLASS   SFR19          

        CLASS   SFR20          

        CLASS   SFR21          

        CLASS   SFR22          

        CLASS   SFR23          

        CLASS   SFR24          

        CLASS   SFR25          

        CLASS   SFR26          

        CLASS   SFR27          

        CLASS   SFR28          

        CLASS   SFR29          

        CLASS   SFR30          

        CLASS   SFR31          

        CLASS   SFR32          

        CLASS   SFR33          

        CLASS   SFR34          

        CLASS   SFR35          

        CLASS   SFR36          

        CLASS   SFR37          

        CLASS   SFR38          

        CLASS   SFR39          

        CLASS   SFR40          

        CLASS   SFR41          

        CLASS   SFR42          

        CLASS   SFR43          

        CLASS   SFR44          

        CLASS   SFR45          

        CLASS   SFR46          

        CLASS   SFR47          

        CLASS   SFR48          

        CLASS   SFR49          

        CLASS   SFR50          

        CLASS   SFR51          

        CLASS   SFR52          

        CLASS   SFR53          

        CLASS   SFR54          

        CLASS   SFR55          

        CLASS   SFR56          

        CLASS   SFR57          

        CLASS   SFR58          

        CLASS   SFR59          

        CLASS   SFR60          

        CLASS   SFR61          

        CLASS   SFR62          

        CLASS   SFR63          

        CLASS   CONFIG         
                config                             8007     8007        5         4

        CLASS   IDLOC          

        CLASS   BANK63         

        CLASS   BANK62         

        CLASS   BANK61         

        CLASS   BANK60         

        CLASS   BANK59         

        CLASS   BANK58         

        CLASS   BANK57         

        CLASS   BANK56         

        CLASS   BANK55         

        CLASS   BANK54         

        CLASS   BANK53         

        CLASS   BANK52         

        CLASS   BANK51         

        CLASS   BANK50         

        CLASS   BANK49         

        CLASS   BANK48         

        CLASS   BANK47         

        CLASS   BANK46         

        CLASS   BANK45         

        CLASS   BANK44         

        CLASS   BANK43         

        CLASS   BANK42         

        CLASS   BANK41         

        CLASS   BANK40         

        CLASS   BANK39         

        CLASS   BANK38         

        CLASS   BANK37         

        CLASS   BANK36         

        CLASS   BANK35         

        CLASS   BANK34         

        CLASS   BANK33         

        CLASS   BANK32         

        CLASS   BANK31         

        CLASS   BANK30         

        CLASS   BANK29         

        CLASS   BANK28         

        CLASS   BANK27         

        CLASS   BANK26         

        CLASS   BANK25         

        CLASS   BANK24         

        CLASS   BANK23         

        CLASS   BANK22         

        CLASS   BANK21         

        CLASS   BANK20         

        CLASS   BANK19         

        CLASS   BANK18         

        CLASS   BANK17         

        CLASS   BANK16         

        CLASS   BANK15         

        CLASS   BANK14         

        CLASS   BANK13         

        CLASS   BANK12         

        CLASS   BANK11         

        CLASS   BANK10         

        CLASS   BANK9          

        CLASS   BANK8          

        CLASS   BANK7          

        CLASS   EEDATA         



SEGMENTS        Name                           Load    Length   Top    Selector   Space  Class     Delta

                reset_vec                      000000  000004  000004         0       0  CODE        2
                idataBANK1                     000007  000001  000008         E       0  CODE        2
                clrtext                        000008  000006  00000E        10       0  CODE        2
                text7                          00000E  000090  00009E        1C       0  CODE        2
                cstackBANK0                    000020  000050  000070        20       1  BANK0       1
                cstackCOMMON                   000070  00000E  00007E        70       1  COMMON      1
                bssBANK1                       0000A0  000023  0000C3        A0       1  BANK1       1
                text17                         00009E  0000C9  000167       13C       0  CODE        2
                text9                          000167  0001F7  00035E       2CE       0  CODE        2
                text21                         00035E  000238  000596       6BC       0  CODE        2
                text19                         000596  000257  0007ED       B2C       0  CODE        2
                cinit                          0007ED  000013  000800       FDA       0  CODE        2
                stringtext1                    000800  000079  000879      1000       0  STRCODE     2
                text34                         0009AC  000006  0009B2      1358       0  CODE        2
                text33                         0009B2  000006  0009B8      1364       0  CODE        2
                text23                         0009B8  000006  0009BE      1370       0  CODE        2
                text16                         0009BE  00000B  0009C9      137C       0  CODE        2
                text1                          0009C9  00000B  0009D4      1392       0  CODE        2
                text35                         0009D4  00000C  0009E0      13A8       0  CODE        2
                text10                         0009E0  000012  0009F2      13C0       0  CODE        2
                text32                         0009F2  000013  000A05      13E4       0  CODE        2
                text31                         000A05  000013  000A18      140A       0  CODE        2
                text30                         000A18  000015  000A2D      1430       0  CODE        2
                text29                         000A2D  000015  000A42      145A       0  CODE        2
                text27                         000A42  000016  000A58      1484       0  CODE        2
                text26                         000A58  00001D  000A75      14B0       0  CODE        2
                text11                         000A75  00001F  000A94      14EA       0  CODE        2
                text22                         000A94  000020  000AB4      1528       0  CODE        2
                text15                         000AB4  000020  000AD4      1568       0  CODE        2
                text4                          000AD4  000021  000AF5      15A8       0  CODE        2
                text20                         000AF5  000023  000B18      15EA       0  CODE        2
                text2                          000B18  000024  000B3C      1630       0  CODE        2
                text28                         000B3C  00002E  000B6A      1678       0  CODE        2
                text6                          000B6A  00002E  000B98      16D4       0  CODE        2
                text5                          000B98  000033  000BCB      1730       0  CODE        2
                maintext                       000BCB  000048  000C13      1796       0  CODE        2
                text12                         000C13  00004B  000C5E      1826       0  CODE        2
                text24                         000C5E  000057  000CB5      18BC       0  CODE        2
                text13                         000CB5  00005A  000D0F      196A       0  CODE        2
                text14                         000D0F  000075  000D84      1A1E       0  CODE        2
                text3                          000D84  000089  000E0D      1B08       0  CODE        2
                text25                         000E0D  00008A  000E97      1C1A       0  CODE        2
                text18                         000E97  0000AD  000F44      1D2E       0  CODE        2
                text8                          000F44  0000BC  001000      1E88       0  CODE        2


UNUSED ADDRESS RANGES

        Name                Unused          Largest block    Delta
        BANK1            000C3-000EF              2D           1
        BANK2            00120-0016F              50           1
        BANK3            001A0-001EF              50           1
        BANK4            00220-0026F              50           1
        BANK5            002A0-002EF              50           1
        BANK6            00320-0032F              10           1
        BIGRAM           02000-021EF             1F0           1
        CODE             00004-00006               3           2
                         00879-009AB             133
        CONST            00004-00006               3           2
                         00879-009AB              87
        ENTRY            00004-00006               3           2
                         00879-009AB              87
        IDLOC            08000-08003               4           2
        RAM              000C3-000EF              2D           1
                         00120-0016F              50
                         001A0-001EF              50
                         00220-0026F              50
                         002A0-002EF              50
                         00320-0032F              10
        SFR0             00000-0001F              20           1
        SFR1             00080-0009F              20           1
        SFR10            00500-0056F              70           1
        SFR11            00580-005EF              70           1
        SFR12            00600-0066F              70           1
        SFR13            00680-006EF              70           1
        SFR14            00700-0076F              70           1
        SFR15            00780-007EF              70           1
        SFR16            00800-0086F              70           1
        SFR17            00880-008EF              70           1
        SFR18            00900-0096F              70           1
        SFR19            00980-009EF              70           1
        SFR2             00100-0011F              20           1
        SFR20            00A00-00A6F              70           1
        SFR21            00A80-00AEF              70           1
        SFR22            00B00-00B6F              70           1
        SFR23            00B80-00BEF              70           1
        SFR24            00C00-00C6F              70           1
        SFR25            00C80-00CEF              70           1
        SFR26            00D00-00D6F              70           1
        SFR27            00D80-00DEF              70           1
        SFR28            00E00-00E6F              70           1
        SFR29            00E80-00EEF              70           1
        SFR3             00180-0019F              20           1
        SFR30            00F00-00F6F              70           1
        SFR31            00F80-00FEF              70           1
        SFR32            01000-0106F              70           1
        SFR33            01080-010EF              70           1
        SFR34            01100-0116F              70           1
        SFR35            01180-011EF              70           1
        SFR36            01200-0126F              70           1
        SFR37            01280-012EF              70           1
        SFR38            01300-0136F              70           1
        SFR39            01380-013EF              70           1
        SFR4             00200-0021F              20           1
        SFR40            01400-0146F              70           1
        SFR41            01480-014EF              70           1
        SFR42            01500-0156F              70           1
        SFR43            01580-015EF              70           1
        SFR44            01600-0166F              70           1
        SFR45            01680-016EF              70           1
        SFR46            01700-0176F              70           1
        SFR47            01780-017EF              70           1
        SFR48            01800-0186F              70           1
        SFR49            01880-018EF              70           1
        SFR5             00280-0029F              20           1
        SFR50            01900-0196F              70           1
        SFR51            01980-019EF              70           1
        SFR52            01A00-01A6F              70           1
        SFR53            01A80-01AEF              70           1
        SFR54            01B00-01B6F              70           1
        SFR55            01B80-01BEF              70           1
        SFR56            01C00-01C6F              70           1
        SFR57            01C80-01CEF              70           1
        SFR58            01D00-01D6F              70           1
        SFR59            01D80-01DEF              70           1
        SFR6             00300-0031F              20           1
        SFR60            01E00-01E6F              70           1
        SFR61            01E80-01EEF              70           1
        SFR62            01F00-01F6F              70           1
        SFR63            01F80-01FEF              70           1
        SFR7             00380-003EF              70           1
        SFR8             00400-0046F              70           1
        SFR9             00480-004EF              70           1
        STACK            02073-021EF             17D           1
        STRCODE          00004-00006               3           2
                         00879-009AB             133
        STRING           00004-00006               3           2
                         00879-009AB              87

                                  Symbol Table

?_LeerAdc                    cstackCOMMON 00070
?__Umul8_16                  cstackCOMMON 00070
?___fladd                    cstackBANK0  00040
?___flmul                    cstackBANK0  00026
?___flneg                    cstackCOMMON 00070
?___flsub                    cstackBANK0  00054
?___fltol                    cstackBANK0  00040
?___lldiv                    cstackCOMMON 00070
?___llmod                    cstackBANK0  00020
?___wmul                     cstackCOMMON 00070
?___xxtofl                   cstackCOMMON 00075
?_sprintf                    cstackBANK0  0002A
I2C_Master_Write@data        cstackCOMMON 00070
IO_Expander_Write@Data       cstackCOMMON 00071
LCD_CMD@CMD                  cstackCOMMON 00075
LCD_Init@I2C_Add             cstackCOMMON 00078
LCD_Set_Cursor@COL           cstackCOMMON 00076
LCD_Set_Cursor@ROW           cstackCOMMON 00079
LCD_Write_4Bit@Nibble        cstackCOMMON 00073
LCD_Write_Char@Data          cstackCOMMON 00075
LCD_Write_String@Str         cstackCOMMON 00076
LCD_Write_String@i           cstackCOMMON 00079
LeerAdc@canal                cstackCOMMON 00074
_ADCON0                      (abs)        0009D
_ADCON1                      (abs)        0009E
_ADRESH                      (abs)        0009C
_ADRESL                      (abs)        0009B
_ANSELA                      (abs)        01F38
_ANSELBbits                  (abs)        01F43
_ANSELC                      (abs)        01F4E
_BackLight_State             dataBANK1    000C2
_CondicionesDeRiego          text24       00C5E
_I2C_Master_Init             text4        00AD4
_I2C_Master_Start            text34       009AC
_I2C_Master_Stop             text33       009B2
_I2C_Master_Wait             text35       009D4
_I2C_Master_Write            text32       009F2
_IO_Expander_Write           text31       00A05
_Iniciar_ADC                 text23       009B8
_LCD_CMD                     text29       00A2D
_LCD_Init                    text3        00D84
_LCD_Set_Cursor              text28       00B3C
_LCD_Write_4Bit              text30       00A18
_LCD_Write_Char              text27       00A42
_LCD_Write_String            text26       00A58
_LeerAdc                     text22       00A94
_LeerSensores                text17       0009E
_PIR1bits                    (abs)        0070D
_PORTC                       (abs)        0000E
_PORTCbits                   (abs)        0000E
_PutTexto                    text2        00B18
_PutVariables                text7        0000E
_RB4I2C                      (abs)        0010C
_RB4PPS                      (abs)        01F1C
_RB6I2C                      (abs)        0010D
_RB6PPS                      (abs)        01F1E
_RS                          bssBANK1     000AD
_SSP1ADD                     (abs)        0018D
_SSP1BUF                     (abs)        0018C
_SSP1CLKPPS                  (abs)        01EC5
_SSP1CON1                    (abs)        00190
_SSP1CON1bits                (abs)        00190
_SSP1CON2                    (abs)        00191
_SSP1CON2bits                (abs)        00191
_SSP1DATPPS                  (abs)        01EC6
_SSP1STAT                    (abs)        0018F
_TRISA                       (abs)        00012
_TRISB                       (abs)        00013
_TRISB4                      (abs)        0009C
_TRISB6                      (abs)        0009E
_TRISC                       (abs)        00014
_TanqueLLeno                 text6        00B6A
_TanqueVacio                 text5        00B98
__Habs1                      abs1         00000
__Hbank0                     bank0        00000
__Hbank1                     bank1        00000
__Hbank10                    bank10       00000
__Hbank11                    bank11       00000
__Hbank12                    bank12       00000
__Hbank13                    bank13       00000
__Hbank14                    bank14       00000
__Hbank15                    bank15       00000
__Hbank16                    bank16       00000
__Hbank17                    bank17       00000
__Hbank18                    bank18       00000
__Hbank19                    bank19       00000
__Hbank2                     bank2        00000
__Hbank20                    bank20       00000
__Hbank21                    bank21       00000
__Hbank22                    bank22       00000
__Hbank23                    bank23       00000
__Hbank24                    bank24       00000
__Hbank25                    bank25       00000
__Hbank26                    bank26       00000
__Hbank27                    bank27       00000
__Hbank28                    bank28       00000
__Hbank29                    bank29       00000
__Hbank3                     bank3        00000
__Hbank30                    bank30       00000
__Hbank31                    bank31       00000
__Hbank32                    bank32       00000
__Hbank33                    bank33       00000
__Hbank34                    bank34       00000
__Hbank35                    bank35       00000
__Hbank36                    bank36       00000
__Hbank37                    bank37       00000
__Hbank38                    bank38       00000
__Hbank39                    bank39       00000
__Hbank4                     bank4        00000
__Hbank40                    bank40       00000
__Hbank41                    bank41       00000
__Hbank42                    bank42       00000
__Hbank43                    bank43       00000
__Hbank44                    bank44       00000
__Hbank45                    bank45       00000
__Hbank46                    bank46       00000
__Hbank47                    bank47       00000
__Hbank48                    bank48       00000
__Hbank49                    bank49       00000
__Hbank5                     bank5        00000
__Hbank50                    bank50       00000
__Hbank51                    bank51       00000
__Hbank52                    bank52       00000
__Hbank53                    bank53       00000
__Hbank54                    bank54       00000
__Hbank55                    bank55       00000
__Hbank56                    bank56       00000
__Hbank57                    bank57       00000
__Hbank58                    bank58       00000
__Hbank59                    bank59       00000
__Hbank6                     bank6        00000
__Hbank60                    bank60       00000
__Hbank61                    bank61       00000
__Hbank62                    bank62       00000
__Hbank63                    bank63       00000
__Hbank7                     bank7        00000
__Hbank8                     bank8        00000
__Hbank9                     bank9        00000
__Hbigram                    bigram       00000
__HbssBANK0                  bssBANK0     00000
__HbssBANK1                  bssBANK1     00000
__Hcinit                     cinit        00800
__Hclrtext                   clrtext      00000
__Hcode                      code         00000
__Hcommon                    common       00000
__Hconfig                    config       0800C
__HcstackBANK0               cstackBANK0  00000
__HcstackCOMMON              cstackCOMMON 00000
__HdataBANK1                 dataBANK1    00000
__Heeprom_data               eeprom_data  00000
__Hend_init                  end_init     00004
__Hfunctab                   functab      00000
__HidataBANK1                idataBANK1   00000
__Hinit                      init         00002
__Hintentry                  intentry     00002
__Hmaintext                  maintext     00000
__Hpowerup                   powerup      00000
__Hram                       ram          00000
__Hreset_vec                 reset_vec    00002
__Hsfr0                      sfr0         00000
__Hsfr1                      sfr1         00000
__Hsfr10                     sfr10        00000
__Hsfr11                     sfr11        00000
__Hsfr12                     sfr12        00000
__Hsfr13                     sfr13        00000
__Hsfr14                     sfr14        00000
__Hsfr15                     sfr15        00000
__Hsfr16                     sfr16        00000
__Hsfr17                     sfr17        00000
__Hsfr18                     sfr18        00000
__Hsfr19                     sfr19        00000
__Hsfr2                      sfr2         00000
__Hsfr20                     sfr20        00000
__Hsfr21                     sfr21        00000
__Hsfr22                     sfr22        00000
__Hsfr23                     sfr23        00000
__Hsfr24                     sfr24        00000
__Hsfr25                     sfr25        00000
__Hsfr26                     sfr26        00000
__Hsfr27                     sfr27        00000
__Hsfr28                     sfr28        00000
__Hsfr29                     sfr29        00000
__Hsfr3                      sfr3         00000
__Hsfr30                     sfr30        00000
__Hsfr31                     sfr31        00000
__Hsfr32                     sfr32        00000
__Hsfr33                     sfr33        00000
__Hsfr34                     sfr34        00000
__Hsfr35                     sfr35        00000
__Hsfr36                     sfr36        00000
__Hsfr37                     sfr37        00000
__Hsfr38                     sfr38        00000
__Hsfr39                     sfr39        00000
__Hsfr4                      sfr4         00000
__Hsfr40                     sfr40        00000
__Hsfr41                     sfr41        00000
__Hsfr42                     sfr42        00000
__Hsfr43                     sfr43        00000
__Hsfr44                     sfr44        00000
__Hsfr45                     sfr45        00000
__Hsfr46                     sfr46        00000
__Hsfr47                     sfr47        00000
__Hsfr48                     sfr48        00000
__Hsfr49                     sfr49        00000
__Hsfr5                      sfr5         00000
__Hsfr50                     sfr50        00000
__Hsfr51                     sfr51        00000
__Hsfr52                     sfr52        00000
__Hsfr53                     sfr53        00000
__Hsfr54                     sfr54        00000
__Hsfr55                     sfr55        00000
__Hsfr56                     sfr56        00000
__Hsfr57                     sfr57        00000
__Hsfr58                     sfr58        00000
__Hsfr59                     sfr59        00000
__Hsfr6                      sfr6         00000
__Hsfr60                     sfr60        00000
__Hsfr61                     sfr61        00000
__Hsfr62                     sfr62        00000
__Hsfr63                     sfr63        00000
__Hsfr7                      sfr7         00000
__Hsfr8                      sfr8         00000
__Hsfr9                      sfr9         00000
__Hspace_0                   (abs)        01000
__Hspace_1                   (abs)        000C3
__Hspace_2                   (abs)        00000
__Hspace_3                   (abs)        00000
__Hspace_4                   (abs)        10013
__Hstack                     stack        00000
__Hstrings                   strings      00000
__Hstringtext1               stringtext1  00000
__Hstringtext10              stringtext10 00000
__Hstringtext11              stringtext11 00000
__Hstringtext12              stringtext12 00000
__Hstringtext13              stringtext13 00000
__Hstringtext14              stringtext14 00000
__Hstringtext15              stringtext15 00000
__Hstringtext16              stringtext16 00000
__Hstringtext17              stringtext17 00000
__Hstringtext18              stringtext18 00000
__Hstringtext19              stringtext19 00000
__Hstringtext2               stringtext2  00000
__Hstringtext20              stringtext20 00000
__Hstringtext21              stringtext21 00000
__Hstringtext3               stringtext3  00000
__Hstringtext4               stringtext4  00000
__Hstringtext5               stringtext5  00000
__Hstringtext6               stringtext6  00000
__Hstringtext7               stringtext7  00000
__Hstringtext8               stringtext8  00000
__Hstringtext9               stringtext9  00000
__Htext                      text         00000
__Labs1                      abs1         00000
__Lbank0                     bank0        00000
__Lbank1                     bank1        00000
__Lbank10                    bank10       00000
__Lbank11                    bank11       00000
__Lbank12                    bank12       00000
__Lbank13                    bank13       00000
__Lbank14                    bank14       00000
__Lbank15                    bank15       00000
__Lbank16                    bank16       00000
__Lbank17                    bank17       00000
__Lbank18                    bank18       00000
__Lbank19                    bank19       00000
__Lbank2                     bank2        00000
__Lbank20                    bank20       00000
__Lbank21                    bank21       00000
__Lbank22                    bank22       00000
__Lbank23                    bank23       00000
__Lbank24                    bank24       00000
__Lbank25                    bank25       00000
__Lbank26                    bank26       00000
__Lbank27                    bank27       00000
__Lbank28                    bank28       00000
__Lbank29                    bank29       00000
__Lbank3                     bank3        00000
__Lbank30                    bank30       00000
__Lbank31                    bank31       00000
__Lbank32                    bank32       00000
__Lbank33                    bank33       00000
__Lbank34                    bank34       00000
__Lbank35                    bank35       00000
__Lbank36                    bank36       00000
__Lbank37                    bank37       00000
__Lbank38                    bank38       00000
__Lbank39                    bank39       00000
__Lbank4                     bank4        00000
__Lbank40                    bank40       00000
__Lbank41                    bank41       00000
__Lbank42                    bank42       00000
__Lbank43                    bank43       00000
__Lbank44                    bank44       00000
__Lbank45                    bank45       00000
__Lbank46                    bank46       00000
__Lbank47                    bank47       00000
__Lbank48                    bank48       00000
__Lbank49                    bank49       00000
__Lbank5                     bank5        00000
__Lbank50                    bank50       00000
__Lbank51                    bank51       00000
__Lbank52                    bank52       00000
__Lbank53                    bank53       00000
__Lbank54                    bank54       00000
__Lbank55                    bank55       00000
__Lbank56                    bank56       00000
__Lbank57                    bank57       00000
__Lbank58                    bank58       00000
__Lbank59                    bank59       00000
__Lbank6                     bank6        00000
__Lbank60                    bank60       00000
__Lbank61                    bank61       00000
__Lbank62                    bank62       00000
__Lbank63                    bank63       00000
__Lbank7                     bank7        00000
__Lbank8                     bank8        00000
__Lbank9                     bank9        00000
__Lbigram                    bigram       00000
__LbssBANK0                  bssBANK0     00000
__LbssBANK1                  bssBANK1     00000
__Lcinit                     cinit        007ED
__Lclrtext                   clrtext      00000
__Lcode                      code         00000
__Lcommon                    common       00000
__Lconfig                    config       00000
__LcstackBANK0               cstackBANK0  00000
__LcstackCOMMON              cstackCOMMON 00000
__LdataBANK1                 dataBANK1    00000
__Leeprom_data               eeprom_data  00000
__Lend_init                  end_init     00002
__Lfunctab                   functab      00000
__LidataBANK1                idataBANK1   00000
__Linit                      init         00002
__Lintentry                  intentry     00002
__Lmaintext                  maintext     00000
__Lpowerup                   powerup      00000
__Lram                       ram          00000
__Lreset_vec                 reset_vec    00000
__Lsfr0                      sfr0         00000
__Lsfr1                      sfr1         00000
__Lsfr10                     sfr10        00000
__Lsfr11                     sfr11        00000
__Lsfr12                     sfr12        00000
__Lsfr13                     sfr13        00000
__Lsfr14                     sfr14        00000
__Lsfr15                     sfr15        00000
__Lsfr16                     sfr16        00000
__Lsfr17                     sfr17        00000
__Lsfr18                     sfr18        00000
__Lsfr19                     sfr19        00000
__Lsfr2                      sfr2         00000
__Lsfr20                     sfr20        00000
__Lsfr21                     sfr21        00000
__Lsfr22                     sfr22        00000
__Lsfr23                     sfr23        00000
__Lsfr24                     sfr24        00000
__Lsfr25                     sfr25        00000
__Lsfr26                     sfr26        00000
__Lsfr27                     sfr27        00000
__Lsfr28                     sfr28        00000
__Lsfr29                     sfr29        00000
__Lsfr3                      sfr3         00000
__Lsfr30                     sfr30        00000
__Lsfr31                     sfr31        00000
__Lsfr32                     sfr32        00000
__Lsfr33                     sfr33        00000
__Lsfr34                     sfr34        00000
__Lsfr35                     sfr35        00000
__Lsfr36                     sfr36        00000
__Lsfr37                     sfr37        00000
__Lsfr38                     sfr38        00000
__Lsfr39                     sfr39        00000
__Lsfr4                      sfr4         00000
__Lsfr40                     sfr40        00000
__Lsfr41                     sfr41        00000
__Lsfr42                     sfr42        00000
__Lsfr43                     sfr43        00000
__Lsfr44                     sfr44        00000
__Lsfr45                     sfr45        00000
__Lsfr46                     sfr46        00000
__Lsfr47                     sfr47        00000
__Lsfr48                     sfr48        00000
__Lsfr49                     sfr49        00000
__Lsfr5                      sfr5         00000
__Lsfr50                     sfr50        00000
__Lsfr51                     sfr51        00000
__Lsfr52                     sfr52        00000
__Lsfr53                     sfr53        00000
__Lsfr54                     sfr54        00000
__Lsfr55                     sfr55        00000
__Lsfr56                     sfr56        00000
__Lsfr57                     sfr57        00000
__Lsfr58                     sfr58        00000
__Lsfr59                     sfr59        00000
__Lsfr6                      sfr6         00000
__Lsfr60                     sfr60        00000
__Lsfr61                     sfr61        00000
__Lsfr62                     sfr62        00000
__Lsfr63                     sfr63        00000
__Lsfr7                      sfr7         00000
__Lsfr8                      sfr8         00000
__Lsfr9                      sfr9         00000
__Lspace_0                   (abs)        00000
__Lspace_1                   (abs)        00000
__Lspace_2                   (abs)        00000
__Lspace_3                   (abs)        00000
__Lspace_4                   (abs)        00000
__Lstack                     stack        00000
__Lstrings                   strings      00000
__Lstringtext1               stringtext1  00000
__Lstringtext10              stringtext10 00000
__Lstringtext11              stringtext11 00000
__Lstringtext12              stringtext12 00000
__Lstringtext13              stringtext13 00000
__Lstringtext14              stringtext14 00000
__Lstringtext15              stringtext15 00000
__Lstringtext16              stringtext16 00000
__Lstringtext17              stringtext17 00000
__Lstringtext18              stringtext18 00000
__Lstringtext19              stringtext19 00000
__Lstringtext2               stringtext2  00000
__Lstringtext20              stringtext20 00000
__Lstringtext21              stringtext21 00000
__Lstringtext3               stringtext3  00000
__Lstringtext4               stringtext4  00000
__Lstringtext5               stringtext5  00000
__Lstringtext6               stringtext6  00000
__Lstringtext7               stringtext7  00000
__Lstringtext8               stringtext8  00000
__Lstringtext9               stringtext9  00000
__Ltext                      text         00000
__S0                         (abs)        01000
__S1                         (abs)        000C3
__S2                         (abs)        00000
__Umul8_16                   text20       00AF5
__Umul8_16@multiplicand      cstackCOMMON 00070
__Umul8_16@multiplier        cstackCOMMON 00078
__Umul8_16@product           cstackCOMMON 00074
__Umul8_16@word_mpld         cstackCOMMON 00076
___fladd                     text21       0035E
___fladd@a                   cstackBANK0  00044
___fladd@aexp                cstackBANK0  00051
___fladd@b                   cstackBANK0  00040
___fladd@bexp                cstackBANK0  00052
___fladd@grs                 cstackBANK0  00053
___fladd@signs               cstackBANK0  00050
___flge                      text25       00E0D
___flge@ff1                  cstackCOMMON 00070
___flge@ff2                  cstackCOMMON 00074
___flmul                     text19       00596
___flmul@a                   cstackBANK0  0002A
___flmul@aexp                cstackBANK0  00038
___flmul@b                   cstackBANK0  00026
___flmul@bexp                cstackBANK0  00039
___flmul@grs                 cstackBANK0  00034
___flmul@prod                cstackBANK0  0003A
___flmul@sign                cstackBANK0  00033
___flmul@temp                cstackBANK0  0003E
___flneg                     text16       009BE
___flneg@f1                  cstackCOMMON 00070
___flsub                     text15       00AB4
___flsub@a                   cstackBANK0  00054
___flsub@b                   cstackBANK0  00058
___fltol                     text14       00D0F
___fltol@exp1                cstackBANK0  0004A
___fltol@f1                  cstackBANK0  00040
___fltol@sign1               cstackBANK0  00049
___int_sp                    stack        00000
___latbits                   (abs)        00001
___lldiv                     text13       00CB5
___lldiv@counter             cstackCOMMON 0007D
___lldiv@dividend            cstackCOMMON 00074
___lldiv@divisor             cstackCOMMON 00070
___lldiv@quotient            cstackCOMMON 00079
___llmod                     text12       00C13
___llmod@counter             cstackBANK0  00029
___llmod@dividend            cstackBANK0  00024
___llmod@divisor             cstackBANK0  00020
___sp                        stack        00000
___stackhi                   (abs)        021EF
___stacklo                   (abs)        02073
___wmul                      text11       00A75
___wmul@multiplicand         cstackCOMMON 00072
___wmul@multiplier           cstackCOMMON 00070
___wmul@product              cstackCOMMON 00074
___xxtofl                    text18       00E97
___xxtofl@arg                cstackBANK0  00022
___xxtofl@exp                cstackBANK0  00021
___xxtofl@sign               cstackBANK0  00020
___xxtofl@val                cstackCOMMON 00075
__end_of_ASH                 stringtext7  00878
__end_of_AST                 stringtext6  00877
__end_of_AUV                 stringtext8  00879
__end_of_CHUM                stringtext10 00861
__end_of_CTEMP               stringtext11 00865
__end_of_CUV                 stringtext9  0085D
__end_of_CondicionesDeRiego  text24       00CB5
__end_of_I2C_Master_Init     text4        00AF5
__end_of_I2C_Master_Start    text34       009B2
__end_of_I2C_Master_Stop     text33       009B8
__end_of_I2C_Master_Wait     text35       009E0
__end_of_I2C_Master_Write    text32       00A05
__end_of_IO_Expander_Write   text31       00A18
__end_of_Iniciar_ADC         text23       009BE
__end_of_LCD_CMD             text29       00A42
__end_of_LCD_Init            text3        00E0D
__end_of_LCD_Set_Cursor      text28       00B6A
__end_of_LCD_Write_4Bit      text30       00A2D
__end_of_LCD_Write_Char      text27       00A58
__end_of_LCD_Write_String    text26       00A75
__end_of_LeerAdc             text22       00AB4
__end_of_LeerSensores        text17       00167
__end_of_MAXTEMP             stringtext13 0082A
__end_of_MAXUV               stringtext2  00871
__end_of_MINHUM              stringtext12 00873
__end_of_PIN_BOM             stringtext4  00875
__end_of_PIN_VAL             stringtext5  00876
__end_of_PutTexto            text2        00B3C
__end_of_PutVariables        text7        0009E
__end_of_TanqueLLeno         text6        00B98
__end_of_TanqueVacio         text5        00BCB
__end_of__Umul8_16           text20       00B18
__end_of___fladd             text21       00596
__end_of___flge              text25       00E97
__end_of___flmul             text19       007ED
__end_of___flneg             text16       009C9
__end_of___flsub             text15       00AD4
__end_of___fltol             text14       00D84
__end_of___lldiv             text13       00D0F
__end_of___llmod             text12       00C5E
__end_of___wmul              text11       00A94
__end_of___xxtofl            text18       00F44
__end_of__initialization     cinit        007FD
__end_of_dpowers             stringtext1  00828
__end_of_ftoa                text8        01000
__end_of_inicio              text1        009D4
__end_of_isdigit             text10       009F2
__end_of_main                maintext     00C13
__end_of_nivel               stringtext3  00874
__end_of_sprintf             text9        0035E
__initialization             cinit        007ED
__pbssBANK0                  bssBANK0     0006E
__pbssBANK1                  bssBANK1     000A0
__pcstackBANK0               cstackBANK0  00020
__pcstackCOMMON              cstackCOMMON 00070
__pdataBANK1                 dataBANK1    000C2
__pidataBANK1                idataBANK1   00007
__pmaintext                  maintext     00BCB
__pstringtext1               stringtext1  00800
__pstringtext10              stringtext10 0085D
__pstringtext11              stringtext11 00861
__pstringtext12              stringtext12 00871
__pstringtext13              stringtext13 00828
__pstringtext14              stringtext14 00835
__pstringtext15              stringtext15 0083E
__pstringtext16              stringtext16 00847
__pstringtext17              stringtext17 00850
__pstringtext18              stringtext18 00865
__pstringtext19              stringtext19 00869
__pstringtext2               stringtext2  0086F
__pstringtext20              stringtext20 0086C
__pstringtext21              stringtext21 00000
__pstringtext3               stringtext3  00873
__pstringtext4               stringtext4  00874
__pstringtext5               stringtext5  00875
__pstringtext6               stringtext6  00876
__pstringtext7               stringtext7  00877
__pstringtext8               stringtext8  00878
__pstringtext9               stringtext9  00859
__ptext1                     text1        009C9
__ptext10                    text10       009E0
__ptext11                    text11       00A75
__ptext12                    text12       00C13
__ptext13                    text13       00CB5
__ptext14                    text14       00D0F
__ptext15                    text15       00AB4
__ptext16                    text16       009BE
__ptext17                    text17       0009E
__ptext18                    text18       00E97
__ptext19                    text19       00596
__ptext2                     text2        00B18
__ptext20                    text20       00AF5
__ptext21                    text21       0035E
__ptext22                    text22       00A94
__ptext23                    text23       009B8
__ptext24                    text24       00C5E
__ptext25                    text25       00E0D
__ptext26                    text26       00A58
__ptext27                    text27       00A42
__ptext28                    text28       00B3C
__ptext29                    text29       00A2D
__ptext3                     text3        00D84
__ptext30                    text30       00A18
__ptext31                    text31       00A05
__ptext32                    text32       009F2
__ptext33                    text33       009B2
__ptext34                    text34       009AC
__ptext35                    text35       009D4
__ptext4                     text4        00AD4
__ptext5                     text5        00B98
__ptext6                     text6        00B6A
__ptext7                     text7        0000E
__ptext8                     text8        00F44
__ptext9                     text9        00167
__size_of_CondicionesDeRiego (abs)        00000
__size_of_I2C_Master_Init    (abs)        00000
__size_of_I2C_Master_Start   (abs)        00000
__size_of_I2C_Master_Stop    (abs)        00000
__size_of_I2C_Master_Wait    (abs)        00000
__size_of_I2C_Master_Write   (abs)        00000
__size_of_IO_Expander_Write  (abs)        00000
__size_of_Iniciar_ADC        (abs)        00000
__size_of_LCD_CMD            (abs)        00000
__size_of_LCD_Init           (abs)        00000
__size_of_LCD_Set_Cursor     (abs)        00000
__size_of_LCD_Write_4Bit     (abs)        00000
__size_of_LCD_Write_Char     (abs)        00000
__size_of_LCD_Write_String   (abs)        00000
__size_of_LeerAdc            (abs)        00000
__size_of_LeerSensores       (abs)        00000
__size_of_PutTexto           (abs)        00000
__size_of_PutVariables       (abs)        00000
__size_of_TanqueLLeno        (abs)        00000
__size_of_TanqueVacio        (abs)        00000
__size_of__Umul8_16          (abs)        00000
__size_of___fladd            (abs)        00000
__size_of___flge             (abs)        00000
__size_of___flmul            (abs)        00000
__size_of___flneg            (abs)        00000
__size_of___flsub            (abs)        00000
__size_of___fltol            (abs)        00000
__size_of___lldiv            (abs)        00000
__size_of___llmod            (abs)        00000
__size_of___wmul             (abs)        00000
__size_of___xxtofl           (abs)        00000
__size_of_ftoa               (abs)        00000
__size_of_inicio             (abs)        00000
__size_of_isdigit            (abs)        00000
__size_of_main               (abs)        00000
__size_of_sprintf            (abs)        00000
_dpowers                     stringtext1  00800
_flag                        bssBANK1     000B0
_ftoa                        text8        00F44
_i2c_add                     bssBANK1     000AC
_inicio                      text1        009C9
_isdigit                     text10       009E0
_isdigit$753                 cstackCOMMON 00070
_lecturaHumedad              bssBANK1     000A4
_lecturaTemp                 bssBANK1     000A0
_lecturaUv                   bssBANK1     000A8
_main                        maintext     00BCB
_sprintf                     text9        00167
_texH                        bssBANK1     000AE
_texT                        bssBANK0     0006E
_texuv                       bssBANK0     0006F
btemp                        (abs)        0007E
clear_ram0                   clrtext      00008
end_of_initialization        cinit        007FD
ftoa@buf                     bssBANK1     000B1
ftoa@cp                      cstackBANK0  0006A
ftoa@f                       cstackBANK0  0005C
ftoa@l                       cstackBANK0  00066
ftoa@rem                     cstackBANK0  00062
ftoa@status                  cstackBANK0  00060
intlevel0                    functab      00000
intlevel1                    functab      00000
intlevel2                    functab      00000
intlevel3                    functab      00000
intlevel4                    functab      00000
intlevel5                    functab      00000
isdigit@c                    cstackCOMMON 00071
reset_vec                    reset_vec    00000
sprintf@ap                   cstackBANK0  0003B
sprintf@c                    cstackBANK0  00045
sprintf@f                    cstackBANK0  0002A
sprintf@flag                 cstackBANK0  0003A
sprintf@prec                 cstackBANK0  00043
sprintf@sp                   cstackBANK0  00040
sprintf@val                  cstackBANK0  0003C
sprintf@width                cstackBANK0  00041
start                        init         00002
start_initialization         cinit        007ED
wtemp0                       (abs)        0007E


FUNCTION INFORMATION:

 *************** function _main *****************
 Defined at:
		line 209 in file "Entrega2.c"
 Parameters:    Size  Location     Type
		None
 Auto vars:     Size  Location     Type
		None
 Return value:  Size  Location     Type
                  1    wreg      void 
 Registers used:
		wreg, fsr0l, fsr0h, fsr1l, fsr1h, status,2, status,0, pclath, cstack
 Tracked objects:
		On entry : 
		On exit  : 
		Unchanged: 
 Data sizes:     COMMON   BANK0   BANK1   BANK2   BANK3   BANK4   BANK5   BANK6
      Params:         0       0       0       0       0       0       0       0
      Locals:         0       0       0       0       0       0       0       0
      Temps:          0       2       0       0       0       0       0       0
      Totals:         0       2       0       0       0       0       0       0
Total ram usage:        2 bytes
 Hardware stack levels required when called:    8
 This function calls:
		_CondicionesDeRiego
		_Iniciar_ADC
		_LeerSensores
		_PutVariables
		_TanqueLLeno
		_TanqueVacio
		_inicio
 This function is called by:
		Startup code after reset
 This function uses a non-reentrant model


 *************** function _inicio *****************
 Defined at:
		line 139 in file "Entrega2.c"
 Parameters:    Size  Location     Type
		None
 Auto vars:     Size  Location     Type
		None
 Return value:  Size  Location     Type
                  1    wreg      void 
 Registers used:
		wreg, fsr0l, fsr0h, status,2, status,0, pclath, cstack
 Tracked objects:
		On entry : 
		On exit  : 
		Unchanged: 
 Data sizes:     COMMON   BANK0   BANK1   BANK2   BANK3   BANK4   BANK5   BANK6
      Params:         0       0       0       0       0       0       0       0
      Locals:         0       0       0       0       0       0       0       0
      Temps:          0       0       0       0       0       0       0       0
      Totals:         0       0       0       0       0       0       0       0
Total ram usage:        0 bytes
 Hardware stack levels used:    1
 Hardware stack levels required when called:    7
 This function calls:
		_I2C_Master_Init
		_LCD_Init
		_PutTexto
 This function is called by:
		_main
 This function uses a non-reentrant model


 *************** function _PutTexto *****************
 Defined at:
		line 131 in file "Entrega2.c"
 Parameters:    Size  Location     Type
		None
 Auto vars:     Size  Location     Type
		None
 Return value:  Size  Location     Type
                  1    wreg      void 
 Registers used:
		wreg, fsr0l, fsr0h, status,2, status,0, pclath, cstack
 Tracked objects:
		On entry : 
		On exit  : 
		Unchanged: 
 Data sizes:     COMMON   BANK0   BANK1   BANK2   BANK3   BANK4   BANK5   BANK6
      Params:         0       0       0       0       0       0       0       0
      Locals:         0       0       0       0       0       0       0       0
      Temps:          1       0       0       0       0       0       0       0
      Totals:         1       0       0       0       0       0       0       0
Total ram usage:        1 bytes
 Hardware stack levels used:    1
 Hardware stack levels required when called:    6
 This function calls:
		_LCD_Set_Cursor
		_LCD_Write_String
 This function is called by:
		_inicio
 This function uses a non-reentrant model


 *************** function _LCD_Init *****************
 Defined at:
		line 104 in file "I2C_LCD.c"
 Parameters:    Size  Location     Type
  I2C_Add         1    wreg     unsigned char 
 Auto vars:     Size  Location     Type
  I2C_Add         1    8[COMMON] unsigned char 
 Return value:  Size  Location     Type
                  1    wreg      void 
 Registers used:
		wreg, status,2, status,0, pclath, cstack
 Tracked objects:
		On entry : 
		On exit  : 
		Unchanged: 
 Data sizes:     COMMON   BANK0   BANK1   BANK2   BANK3   BANK4   BANK5   BANK6
      Params:         0       0       0       0       0       0       0       0
      Locals:         1       0       0       0       0       0       0       0
      Temps:          2       0       0       0       0       0       0       0
      Totals:         3       0       0       0       0       0       0       0
Total ram usage:        3 bytes
 Hardware stack levels used:    1
 Hardware stack levels required when called:    5
 This function calls:
		_I2C_Master_Start
		_I2C_Master_Stop
		_IO_Expander_Write
		_LCD_CMD
 This function is called by:
		_inicio
 This function uses a non-reentrant model


 *************** function _I2C_Master_Init *****************
 Defined at:
		line 9 in file "I2C_LCD.c"
 Parameters:    Size  Location     Type
		None
 Auto vars:     Size  Location     Type
		None
 Return value:  Size  Location     Type
                  1    wreg      void 
 Registers used:
		wreg, status,2
 Tracked objects:
		On entry : 
		On exit  : 
		Unchanged: 
 Data sizes:     COMMON   BANK0   BANK1   BANK2   BANK3   BANK4   BANK5   BANK6
      Params:         0       0       0       0       0       0       0       0
      Locals:         0       0       0       0       0       0       0       0
      Temps:          0       0       0       0       0       0       0       0
      Totals:         0       0       0       0       0       0       0       0
Total ram usage:        0 bytes
 Hardware stack levels used:    1
 This function calls:
		Nothing
 This function is called by:
		_inicio
 This function uses a non-reentrant model


 *************** function _TanqueVacio *****************
 Defined at:
		line 175 in file "Entrega2.c"
 Parameters:    Size  Location     Type
		None
 Auto vars:     Size  Location     Type
		None
 Return value:  Size  Location     Type
                  1    wreg      void 
 Registers used:
		wreg, fsr0l, fsr0h, status,2, status,0, pclath, cstack
 Tracked objects:
		On entry : 
		On exit  : 
		Unchanged: 
 Data sizes:     COMMON   BANK0   BANK1   BANK2   BANK3   BANK4   BANK5   BANK6
      Params:         0       0       0       0       0       0       0       0
      Locals:         0       0       0       0       0       0       0       0
      Temps:          1       0       0       0       0       0       0       0
      Totals:         1       0       0       0       0       0       0       0
Total ram usage:        1 bytes
 Hardware stack levels used:    1
 Hardware stack levels required when called:    6
 This function calls:
		_LCD_Set_Cursor
		_LCD_Write_String
 This function is called by:
		_main
 This function uses a non-reentrant model


 *************** function _TanqueLLeno *****************
 Defined at:
		line 157 in file "Entrega2.c"
 Parameters:    Size  Location     Type
		None
 Auto vars:     Size  Location     Type
		None
 Return value:  Size  Location     Type
                  1    wreg      void 
 Registers used:
		wreg, fsr0l, fsr0h, status,2, status,0, pclath, cstack
 Tracked objects:
		On entry : 
		On exit  : 
		Unchanged: 
 Data sizes:     COMMON   BANK0   BANK1   BANK2   BANK3   BANK4   BANK5   BANK6
      Params:         0       0       0       0       0       0       0       0
      Locals:         0       0       0       0       0       0       0       0
      Temps:          2       0       0       0       0       0       0       0
      Totals:         2       0       0       0       0       0       0       0
Total ram usage:        2 bytes
 Hardware stack levels used:    1
 Hardware stack levels required when called:    6
 This function calls:
		_LCD_Set_Cursor
		_LCD_Write_String
 This function is called by:
		_main
 This function uses a non-reentrant model


 *************** function _PutVariables *****************
 Defined at:
		line 105 in file "Entrega2.c"
 Parameters:    Size  Location     Type
		None
 Auto vars:     Size  Location     Type
		None
 Return value:  Size  Location     Type
                  1    wreg      void 
 Registers used:
		wreg, fsr0l, fsr0h, fsr1l, fsr1h, status,2, status,0, pclath, cstack
 Tracked objects:
		On entry : 
		On exit  : 
		Unchanged: 
 Data sizes:     COMMON   BANK0   BANK1   BANK2   BANK3   BANK4   BANK5   BANK6
      Params:         0       0       0       0       0       0       0       0
      Locals:         0       0       0       0       0       0       0       0
      Temps:          0       1       0       0       0       0       0       0
      Totals:         0       1       0       0       0       0       0       0
Total ram usage:        1 bytes
 Hardware stack levels used:    1
 Hardware stack levels required when called:    6
 This function calls:
		_LCD_Set_Cursor
		_LCD_Write_String
		_ftoa
 This function is called by:
		_main
 This function uses a non-reentrant model


 *************** function _ftoa *****************
 Defined at:
		line 6 in file "C:\Program Files\Microchip\xc8\v2.31\pic\sources\c90\common\ftoa.c"
 Parameters:    Size  Location     Type
  f               4   60[BANK0 ] float 
  status          1   64[BANK0 ] PTR int 
		 -> NULL(0), 
 Auto vars:     Size  Location     Type
  l               4   70[BANK0 ] unsigned long 
  rem             4   66[BANK0 ] unsigned long 
  cp              1   74[BANK0 ] PTR unsigned char 
		 -> ftoa@buf(17), 
 Return value:  Size  Location     Type
                  1    wreg      PTR unsigned char 
 Registers used:
		wreg, fsr0l, fsr0h, fsr1l, fsr1h, status,2, status,0, pclath, cstack
 Tracked objects:
		On entry : 
		On exit  : 
		Unchanged: 
 Data sizes:     COMMON   BANK0   BANK1   BANK2   BANK3   BANK4   BANK5   BANK6
      Params:         0       5       0       0       0       0       0       0
      Locals:         0       9       0       0       0       0       0       0
      Temps:          0       1       0       0       0       0       0       0
      Totals:         0      15       0       0       0       0       0       0
Total ram usage:       15 bytes
 Hardware stack levels used:    1
 Hardware stack levels required when called:    2
 This function calls:
		___flge
		___flmul
		___flneg
		___flsub
		___fltol
		___xxtofl
		_sprintf
 This function is called by:
		_PutVariables
 This function uses a non-reentrant model


 *************** function _sprintf *****************
 Defined at:
		line 505 in file "C:\Program Files\Microchip\xc8\v2.31\pic\sources\c90\common\doprnt.c"
 Parameters:    Size  Location     Type
  sp              1    wreg     PTR unsigned char 
		 -> ftoa@buf(17), 
  f               2   10[BANK0 ] PTR const unsigned char 
		 -> STR_8(11), 
 Auto vars:     Size  Location     Type
  sp              1   32[BANK0 ] PTR unsigned char 
		 -> ftoa@buf(17), 
  val             4   28[BANK0 ] unsigned long 
  tmpval          4    0        struct .
  prec            2   35[BANK0 ] int 
  width           2   33[BANK0 ] int 
  cp              2    0        PTR const unsigned char 
  len             2    0        unsigned int 
  c               1   37[BANK0 ] unsigned char 
  ap              1   27[BANK0 ] PTR void [1]
		 -> ?_sprintf(2), 
  flag            1   26[BANK0 ] unsigned char 
 Return value:  Size  Location     Type
                  2   10[BANK0 ] int 
 Registers used:
		wreg, fsr0l, fsr0h, fsr1l, fsr1h, status,2, status,0, pclath, cstack
 Tracked objects:
		On entry : 
		On exit  : 
		Unchanged: 
 Data sizes:     COMMON   BANK0   BANK1   BANK2   BANK3   BANK4   BANK5   BANK6
      Params:         0      10       0       0       0       0       0       0
      Locals:         0      12       0       0       0       0       0       0
      Temps:          0       6       0       0       0       0       0       0
      Totals:         0      28       0       0       0       0       0       0
Total ram usage:       28 bytes
 Hardware stack levels used:    1
 Hardware stack levels required when called:    1
 This function calls:
		___lldiv
		___llmod
		___wmul
		_isdigit
 This function is called by:
		_ftoa
 This function uses a non-reentrant model


 *************** function _isdigit *****************
 Defined at:
		line 8 in file "C:\Program Files\Microchip\xc8\v2.31\pic\sources\c90\common\isdigit.c"
 Parameters:    Size  Location     Type
  c               1    wreg     unsigned char 
 Auto vars:     Size  Location     Type
  c               1    1[COMMON] unsigned char 
 Return value:  Size  Location     Type
		None               void
 Registers used:
		wreg, status,2, status,0
 Tracked objects:
		On entry : 
		On exit  : 
		Unchanged: 
 Data sizes:     COMMON   BANK0   BANK1   BANK2   BANK3   BANK4   BANK5   BANK6
      Params:         0       0       0       0       0       0       0       0
      Locals:         2       0       0       0       0       0       0       0
      Temps:          0       0       0       0       0       0       0       0
      Totals:         2       0       0       0       0       0       0       0
Total ram usage:        2 bytes
 Hardware stack levels used:    1
 This function calls:
		Nothing
 This function is called by:
		_sprintf
 This function uses a non-reentrant model


 *************** function ___wmul *****************
 Defined at:
		line 15 in file "C:\Program Files\Microchip\xc8\v2.31\pic\sources\c90\common\Umul16.c"
 Parameters:    Size  Location     Type
  multiplier      2    0[COMMON] unsigned int 
  multiplicand    2    2[COMMON] unsigned int 
 Auto vars:     Size  Location     Type
  product         2    4[COMMON] unsigned int 
 Return value:  Size  Location     Type
                  2    0[COMMON] unsigned int 
 Registers used:
		wreg, status,2, status,0
 Tracked objects:
		On entry : 
		On exit  : 
		Unchanged: 
 Data sizes:     COMMON   BANK0   BANK1   BANK2   BANK3   BANK4   BANK5   BANK6
      Params:         4       0       0       0       0       0       0       0
      Locals:         2       0       0       0       0       0       0       0
      Temps:          0       0       0       0       0       0       0       0
      Totals:         6       0       0       0       0       0       0       0
Total ram usage:        6 bytes
 Hardware stack levels used:    1
 This function calls:
		Nothing
 This function is called by:
		_sprintf
 This function uses a non-reentrant model


 *************** function ___llmod *****************
 Defined at:
		line 5 in file "C:\Program Files\Microchip\xc8\v2.31\pic\sources\c90\common\llmod.c"
 Parameters:    Size  Location     Type
  divisor         4    0[BANK0 ] unsigned long 
  dividend        4    4[BANK0 ] unsigned long 
 Auto vars:     Size  Location     Type
  counter         1    9[BANK0 ] unsigned char 
 Return value:  Size  Location     Type
                  4    0[BANK0 ] unsigned long 
 Registers used:
		wreg, status,2, status,0
 Tracked objects:
		On entry : 
		On exit  : 
		Unchanged: 
 Data sizes:     COMMON   BANK0   BANK1   BANK2   BANK3   BANK4   BANK5   BANK6
      Params:         0       8       0       0       0       0       0       0
      Locals:         0       1       0       0       0       0       0       0
      Temps:          0       1       0       0       0       0       0       0
      Totals:         0      10       0       0       0       0       0       0
Total ram usage:       10 bytes
 Hardware stack levels used:    1
 This function calls:
		Nothing
 This function is called by:
		_sprintf
 This function uses a non-reentrant model


 *************** function ___lldiv *****************
 Defined at:
		line 5 in file "C:\Program Files\Microchip\xc8\v2.31\pic\sources\c90\common\__lldiv.c"
 Parameters:    Size  Location     Type
  divisor         4    0[COMMON] unsigned long 
[...]
 Hardware stack levels used:    1
 This function calls:
		Nothing
 This function is called by:
		_LeerSensores
 This function uses a non-reentrant model


 *************** function _Iniciar_ADC *****************
 Defined at:
		line 86 in file "Entrega2.c"
 Parameters:    Size  Location     Type
		None
 Auto vars:     Size  Location     Type
		None
 Return value:  Size  Location     Type
                  1    wreg      void 
 Registers used:
		wreg
 Tracked objects:
		On entry : 
		On exit  : 
		Unchanged: 
 Data sizes:     COMMON   BANK0   BANK1   BANK2   BANK3   BANK4   BANK5   BANK6
      Params:         0       0       0       0       0       0       0       0
      Locals:         0       0       0       0       0       0       0       0
      Temps:          0       0       0       0       0       0       0       0
      Totals:         0       0       0       0       0       0       0       0
Total ram usage:        0 bytes
 Hardware stack levels used:    1
 This function calls:
		Nothing
 This function is called by:
		_main
 This function uses a non-reentrant model


 *************** function _CondicionesDeRiego *****************
 Defined at:
		line 191 in file "Entrega2.c"
 Parameters:    Size  Location     Type
		None
 Auto vars:     Size  Location     Type
		None
 Return value:  Size  Location     Type
                  1    wreg      void 
 Registers used:
		wreg, fsr0l, fsr0h, status,2, status,0, pclath, cstack
 Tracked objects:
		On entry : 
		On exit  : 
		Unchanged: 
 Data sizes:     COMMON   BANK0   BANK1   BANK2   BANK3   BANK4   BANK5   BANK6
      Params:         0       0       0       0       0       0       0       0
      Locals:         0       0       0       0       0       0       0       0
      Temps:          1       0       0       0       0       0       0       0
      Totals:         1       0       0       0       0       0       0       0
Total ram usage:        1 bytes
 Hardware stack levels used:    1
 Hardware stack levels required when called:    6
 This function calls:
		_LCD_Set_Cursor
		_LCD_Write_String
		___flge
 This function is called by:
		_main
 This function uses a non-reentrant model


 *************** function ___flge *****************
 Defined at:
		line 4 in file "C:\Program Files\Microchip\xc8\v2.31\pic\sources\c90\common\flge.c"
 Parameters:    Size  Location     Type
  ff1             4    0[COMMON] void 
  ff2             4    4[COMMON] void 
 Auto vars:     Size  Location     Type
		None
 Return value:  Size  Location     Type
		None               void
 Registers used:
		wreg, status,2, status,0
 Tracked objects:
		On entry : 
		On exit  : 
		Unchanged: 
 Data sizes:     COMMON   BANK0   BANK1   BANK2   BANK3   BANK4   BANK5   BANK6
      Params:         8       0       0       0       0       0       0       0
      Locals:         0       0       0       0       0       0       0       0
      Temps:          4       0       0       0       0       0       0       0
      Totals:        12       0       0       0       0       0       0       0
Total ram usage:       12 bytes
 Hardware stack levels used:    1
 This function calls:
		Nothing
 This function is called by:
		_CondicionesDeRiego
		_ftoa
 This function uses a non-reentrant model


 *************** function _LCD_Write_String *****************
 Defined at:
		line 161 in file "I2C_LCD.c"
 Parameters:    Size  Location     Type
  Str             2    6[COMMON] PTR unsigned char 
		 -> NULL(0), ftoa@buf(17), STR_7(9), STR_6(9), 
		 -> STR_5(9), STR_4(9), STR_3(3), STR_2(3), 
		 -> STR_1(4), 
 Auto vars:     Size  Location     Type
  i               2    9[COMMON] int 
 Return value:  Size  Location     Type
                  1    wreg      void 
 Registers used:
		wreg, fsr0l, fsr0h, status,2, status,0, pclath, cstack
 Tracked objects:
		On entry : 
		On exit  : 
		Unchanged: 
 Data sizes:     COMMON   BANK0   BANK1   BANK2   BANK3   BANK4   BANK5   BANK6
      Params:         2       0       0       0       0       0       0       0
      Locals:         2       0       0       0       0       0       0       0
      Temps:          1       0       0       0       0       0       0       0
      Totals:         5       0       0       0       0       0       0       0
Total ram usage:        5 bytes
 Hardware stack levels used:    1
 Hardware stack levels required when called:    5
 This function calls:
		_LCD_Write_Char
 This function is called by:
		_PutVariables
		_PutTexto
		_TanqueLLeno
		_TanqueVacio
		_CondicionesDeRiego
 This function uses a non-reentrant model


 *************** function _LCD_Write_Char *****************
 Defined at:
		line 154 in file "I2C_LCD.c"
 Parameters:    Size  Location     Type
  Data            1    wreg     unsigned char 
 Auto vars:     Size  Location     Type
  Data            1    5[COMMON] unsigned char 
 Return value:  Size  Location     Type
                  1    wreg      void 
 Registers used:
		wreg, status,2, status,0, pclath, cstack
 Tracked objects:
		On entry : 
		On exit  : 
		Unchanged: 
 Data sizes:     COMMON   BANK0   BANK1   BANK2   BANK3   BANK4   BANK5   BANK6
      Params:         0       0       0       0       0       0       0       0
      Locals:         1       0       0       0       0       0       0       0
      Temps:          1       0       0       0       0       0       0       0
      Totals:         2       0       0       0       0       0       0       0
Total ram usage:        2 bytes
 Hardware stack levels used:    1
 Hardware stack levels required when called:    4
 This function calls:
		_LCD_Write_4Bit
 This function is called by:
		_LCD_Write_String
 This function uses a non-reentrant model


 *************** function _LCD_Set_Cursor *****************
 Defined at:
		line 167 in file "I2C_LCD.c"
 Parameters:    Size  Location     Type
  ROW             1    wreg     unsigned char 
  COL             1    6[COMMON] unsigned char 
 Auto vars:     Size  Location     Type
  ROW             1    9[COMMON] unsigned char 
 Return value:  Size  Location     Type
                  1    wreg      void 
 Registers used:
		wreg, fsr0l, fsr0h, status,2, status,0, pclath, cstack
 Tracked objects:
		On entry : 
		On exit  : 
		Unchanged: 
 Data sizes:     COMMON   BANK0   BANK1   BANK2   BANK3   BANK4   BANK5   BANK6
      Params:         1       0       0       0       0       0       0       0
      Locals:         1       0       0       0       0       0       0       0
      Temps:          2       0       0       0       0       0       0       0
      Totals:         4       0       0       0       0       0       0       0
Total ram usage:        4 bytes
 Hardware stack levels used:    1
 Hardware stack levels required when called:    5
 This function calls:
		_LCD_CMD
 This function is called by:
		_PutVariables
		_PutTexto
		_TanqueLLeno
		_TanqueVacio
		_CondicionesDeRiego
 This function uses a non-reentrant model


 *************** function _LCD_CMD *****************
 Defined at:
		line 147 in file "I2C_LCD.c"
 Parameters:    Size  Location     Type
  CMD             1    wreg     unsigned char 
 Auto vars:     Size  Location     Type
  CMD             1    5[COMMON] unsigned char 
 Return value:  Size  Location     Type
                  1    wreg      void 
 Registers used:
		wreg, status,2, status,0, pclath, cstack
 Tracked objects:
		On entry : 
		On exit  : 
		Unchanged: 
 Data sizes:     COMMON   BANK0   BANK1   BANK2   BANK3   BANK4   BANK5   BANK6
      Params:         0       0       0       0       0       0       0       0
      Locals:         1       0       0       0       0       0       0       0
      Temps:          1       0       0       0       0       0       0       0
      Totals:         2       0       0       0       0       0       0       0
Total ram usage:        2 bytes
 Hardware stack levels used:    1
 Hardware stack levels required when called:    4
 This function calls:
		_LCD_Write_4Bit
 This function is called by:
		_LCD_Init
		_LCD_Set_Cursor
		_LCD_SL
		_LCD_SR
		_LCD_Clear
 This function uses a non-reentrant model


 *************** function _LCD_Write_4Bit *****************
 Defined at:
		line 138 in file "I2C_LCD.c"
 Parameters:    Size  Location     Type
  Nibble          1    wreg     unsigned char 
 Auto vars:     Size  Location     Type
  Nibble          1    3[COMMON] unsigned char 
 Return value:  Size  Location     Type
                  1    wreg      void 
 Registers used:
		wreg, status,2, status,0, pclath, cstack
 Tracked objects:
		On entry : 
		On exit  : 
		Unchanged: 
 Data sizes:     COMMON   BANK0   BANK1   BANK2   BANK3   BANK4   BANK5   BANK6
      Params:         0       0       0       0       0       0       0       0
      Locals:         1       0       0       0       0       0       0       0
      Temps:          1       0       0       0       0       0       0       0
      Totals:         2       0       0       0       0       0       0       0
Total ram usage:        2 bytes
 Hardware stack levels used:    1
 Hardware stack levels required when called:    3
 This function calls:
		_IO_Expander_Write
 This function is called by:
		_LCD_CMD
		_LCD_Write_Char
 This function uses a non-reentrant model


 *************** function _IO_Expander_Write *****************
 Defined at:
		line 130 in file "I2C_LCD.c"
 Parameters:    Size  Location     Type
  Data            1    wreg     unsigned char 
 Auto vars:     Size  Location     Type
  Data            1    1[COMMON] unsigned char 
 Return value:  Size  Location     Type
                  1    wreg      void 
 Registers used:
		wreg, status,2, status,0, pclath, cstack
 Tracked objects:
		On entry : 
		On exit  : 
		Unchanged: 
 Data sizes:     COMMON   BANK0   BANK1   BANK2   BANK3   BANK4   BANK5   BANK6
      Params:         0       0       0       0       0       0       0       0
      Locals:         1       0       0       0       0       0       0       0
      Temps:          0       0       0       0       0       0       0       0
      Totals:         1       0       0       0       0       0       0       0
Total ram usage:        1 bytes
 Hardware stack levels used:    1
 Hardware stack levels required when called:    2
 This function calls:
		_I2C_Master_Start
		_I2C_Master_Stop
		_I2C_Master_Write
 This function is called by:
		_LCD_Init
		_LCD_Write_4Bit
		_Backlight
		_noBacklight
 This function uses a non-reentrant model


 *************** function _I2C_Master_Write *****************
 Defined at:
		line 77 in file "I2C_LCD.c"
 Parameters:    Size  Location     Type
  data            1    wreg     unsigned char 
 Auto vars:     Size  Location     Type
  data            1    0[COMMON] unsigned char 
 Return value:  Size  Location     Type
                  1    wreg      unsigned char 
 Registers used:
		wreg, status,2, status,0, pclath, cstack
 Tracked objects:
		On entry : 
		On exit  : 
		Unchanged: 
 Data sizes:     COMMON   BANK0   BANK1   BANK2   BANK3   BANK4   BANK5   BANK6
      Params:         0       0       0       0       0       0       0       0
      Locals:         1       0       0       0       0       0       0       0
      Temps:          0       0       0       0       0       0       0       0
      Totals:         1       0       0       0       0       0       0       0
Total ram usage:        1 bytes
 Hardware stack levels used:    1
 Hardware stack levels required when called:    1
 This function calls:
		_I2C_Master_Wait
 This function is called by:
		_IO_Expander_Write
 This function uses a non-reentrant model


 *************** function _I2C_Master_Stop *****************
 Defined at:
		line 57 in file "I2C_LCD.c"
 Parameters:    Size  Location     Type
		None
 Auto vars:     Size  Location     Type
		None
 Return value:  Size  Location     Type
                  1    wreg      void 
 Registers used:
		wreg, status,2, status,0, pclath, cstack
 Tracked objects:
		On entry : 
		On exit  : 
		Unchanged: 
 Data sizes:     COMMON   BANK0   BANK1   BANK2   BANK3   BANK4   BANK5   BANK6
      Params:         0       0       0       0       0       0       0       0
      Locals:         0       0       0       0       0       0       0       0
      Temps:          0       0       0       0       0       0       0       0
      Totals:         0       0       0       0       0       0       0       0
Total ram usage:        0 bytes
 Hardware stack levels used:    1
 Hardware stack levels required when called:    1
 This function calls:
		_I2C_Master_Wait
 This function is called by:
		_LCD_Init
		_IO_Expander_Write
 This function uses a non-reentrant model


 *************** function _I2C_Master_Start *****************
 Defined at:
		line 45 in file "I2C_LCD.c"
 Parameters:    Size  Location     Type
		None
 Auto vars:     Size  Location     Type
		None
 Return value:  Size  Location     Type
                  1    wreg      void 
 Registers used:
		wreg, status,2, status,0, pclath, cstack
 Tracked objects:
		On entry : 
		On exit  : 
		Unchanged: 
 Data sizes:     COMMON   BANK0   BANK1   BANK2   BANK3   BANK4   BANK5   BANK6
      Params:         0       0       0       0       0       0       0       0
      Locals:         0       0       0       0       0       0       0       0
      Temps:          0       0       0       0       0       0       0       0
      Totals:         0       0       0       0       0       0       0       0
Total ram usage:        0 bytes
 Hardware stack levels used:    1
 Hardware stack levels required when called:    1
 This function calls:
		_I2C_Master_Wait
 This function is called by:
		_LCD_Init
		_IO_Expander_Write
 This function uses a non-reentrant model


 *************** function _I2C_Master_Wait *****************
 Defined at:
		line 40 in file "I2C_LCD.c"
 Parameters:    Size  Location     Type
		None
 Auto vars:     Size  Location     Type
		None
 Return value:  Size  Location     Type
                  1    wreg      void 
 Registers used:
		wreg, status,2
 Tracked objects:
		On entry : 
		On exit  : 
		Unchanged: 
 Data sizes:     COMMON   BANK0   BANK1   BANK2   BANK3   BANK4   BANK5   BANK6
      Params:         0       0       0       0       0       0       0       0
      Locals:         0       0       0       0       0       0       0       0
      Temps:          0       0       0       0       0       0       0       0
      Totals:         0       0       0       0       0       0       0       0
Total ram usage:        0 bytes
 Hardware stack levels used:    1
 This function calls:
		Nothing
 This function is called by:
		_I2C_Master_Start
		_I2C_Master_Stop
		_I2C_Master_Write
		_I2C_Master_RepeatedStart
		_I2C_ACK
		_I2C_NACK
		_I2C_Read_Byte
 This function uses a non-reentrant model



MODULE INFORMATION

Module		Function		Class		Link	Load	Size
C:\Program Files\Microchip\xc8\v2.31\pic\sources\c90\common\flneg.c
		___flneg       		CODE           	09BE	0000	11

C:\Program Files\Microchip\xc8\v2.31\pic\sources\c90\common\flneg.c estimated size: 11

C:\Program Files\Microchip\xc8\v2.31\pic\sources\c90\common\flge.c
		___flge        		CODE           	0E0D	0000	138

C:\Program Files\Microchip\xc8\v2.31\pic\sources\c90\common\flge.c estimated size: 138

C:\Program Files\Microchip\xc8\v2.31\pic\sources\c90\common\sprcmul.c
		___flmul       		CODE           	0596	0000	599

C:\Program Files\Microchip\xc8\v2.31\pic\sources\c90\common\sprcmul.c estimated size: 599

C:\Program Files\Microchip\xc8\v2.31\pic\sources\c90\common\ftoa.c
		_ftoa          		CODE           	0F44	0000	188

C:\Program Files\Microchip\xc8\v2.31\pic\sources\c90\common\ftoa.c estimated size: 188

C:\Program Files\Microchip\xc8\v2.31\pic\sources\c90\common\__lldiv.c
		___lldiv       		CODE           	0CB5	0000	90

C:\Program Files\Microchip\xc8\v2.31\pic\sources\c90\common\__lldiv.c estimated size: 90

C:\Program Files\Microchip\xc8\v2.31\pic\sources\c90\common\Umul8_16.c
		__Umul8_16     		CODE           	0AF5	0000	35

C:\Program Files\Microchip\xc8\v2.31\pic\sources\c90\common\Umul8_16.c estimated size: 35

C:\Program Files\Microchip\xc8\v2.31\pic\sources\c90\common\doprnt.c
		_sprintf       		CODE           	0167	0000	503

C:\Program Files\Microchip\xc8\v2.31\pic\sources\c90\common\doprnt.c estimated size: 503

C:\Program Files\Microchip\xc8\v2.31\pic\sources\c90\common\Umul16.c
		___wmul        		CODE           	0A75	0000	31

C:\Program Files\Microchip\xc8\v2.31\pic\sources\c90\common\Umul16.c estimated size: 31

C:\Program Files\Microchip\xc8\v2.31\pic\sources\c90\common\llmod.c
		___llmod       		CODE           	0C13	0000	75

C:\Program Files\Microchip\xc8\v2.31\pic\sources\c90\common\llmod.c estimated size: 75

C:\Program Files\Microchip\xc8\v2.31\pic\sources\c90\common\isdigit.c
		_isdigit       		CODE           	09E0	0000	18

C:\Program Files\Microchip\xc8\v2.31\pic\sources\c90\common\isdigit.c estimated size: 18

C:\Program Files\Microchip\xc8\v2.31\pic\sources\c90\common\sprcadd.c
		___flsub       		CODE           	0AB4	0000	32
		___fladd       		CODE           	035E	0000	568

C:\Program Files\Microchip\xc8\v2.31\pic\sources\c90\common\sprcadd.c estimated size: 600

shared
		_MINHUM        		STRCODE        	0000	0000	0
		_AST           		STRCODE        	0000	0000	0
		_MAXUV         		STRCODE        	0000	0000	0
		_dpowers       		STRCODE        	0800	0000	40
		_AUV           		STRCODE        	0000	0000	0
		_CUV           		STRCODE        	0000	0000	0
		_PIN_VAL       		STRCODE        	0000	0000	0
		__initialization		CODE           	07ED	0000	16
		_PIN_BOM       		STRCODE        	0000	0000	0
		_CHUM          		STRCODE        	0000	0000	0
		_ASH           		STRCODE        	0000	0000	0
		_MAXTEMP       		STRCODE        	0000	0000	0
		_nivel         		STRCODE        	0000	0000	0
		_CTEMP         		STRCODE        	0000	0000	0

shared estimated size: 56

I2C_LCD.c
		_LCD_Init      		CODE           	0D84	0000	137
		_LCD_Write_4Bit		CODE           	0A18	0000	21
		_LCD_Write_Char		CODE           	0A42	0000	22
		_LCD_CMD       		CODE           	0A2D	0000	21
		_I2C_Master_Wait		CODE           	09D4	0000	12
		_I2C_Master_Init		CODE           	0AD4	0000	33
		_I2C_Master_Stop		CODE           	09B2	0000	6
		_LCD_Set_Cursor		CODE           	0B3C	0000	46
		_IO_Expander_Write		CODE           	0A05	0000	19
		_I2C_Master_Write		CODE           	09F2	0000	19
		_I2C_Master_Start		CODE           	09AC	0000	6
		_LCD_Write_String		CODE           	0A58	0000	29

I2C_LCD.c estimated size: 371

C:\Program Files\Microchip\xc8\v2.31\pic\sources\c90\common\fltol.c
		___fltol       		CODE           	0D0F	0000	117

C:\Program Files\Microchip\xc8\v2.31\pic\sources\c90\common\fltol.c estimated size: 117

C:\Program Files\Microchip\xc8\v2.31\pic\sources\c90\common\xxtofl.c
		___xxtofl      		CODE           	0E97	0000	173

C:\Program Files\Microchip\xc8\v2.31\pic\sources\c90\common\xxtofl.c estimated size: 173

Entrega2.c
		_PutVariables  		CODE           	000E	0000	144
		_PutTexto      		CODE           	0B18	0000	36
		_Iniciar_ADC   		CODE           	09B8	0000	6
		_main          		CODE           	0BCB	0000	72
		_CondicionesDeRiego		CODE           	0C5E	0000	87
		_TanqueVacio   		CODE           	0B98	0000	51
		_TanqueLLeno   		CODE           	0B6A	0000	46
		_inicio        		CODE           	09C9	0000	11
		_LeerAdc       		CODE           	0A94	0000	32
		_LeerSensores  		CODE           	009E	0000	201

Entrega2.c estimated size: 686

